To honour the JVM settings for this build a single-use Daemon process will be forked. For more on this, please refer to https://docs.gradle.org/8.7/userguide/gradle_daemon.html#sec:disabling_the_daemon in the Gradle documentation.
Daemon will be stopped at the end of the build 
> Task :app:preBuild UP-TO-DATE
> Task :app:preDebugBuild UP-TO-DATE
> Task :app:mergeDebugNativeDebugMetadata NO-SOURCE
> Task :app:javaPreCompileDebug
> Task :app:generateDebugResValues
> Task :app:checkDebugAarMetadata
> Task :app:mapDebugSourceSetPaths
> Task :app:generateDebugResources
> Task :app:packageDebugResources
> Task :app:mergeDebugResources
> Task :app:createDebugCompatibleScreenManifests
> Task :app:extractDeepLinksDebug
> Task :app:parseDebugLocalResources
> Task :app:processDebugMainManifest
> Task :app:processDebugManifest
> Task :app:mergeDebugShaders
> Task :app:processDebugManifestForPackage
> Task :app:compileDebugShaders NO-SOURCE
> Task :app:generateDebugAssets UP-TO-DATE
> Task :app:mergeDebugAssets
> Task :app:compressDebugAssets
> Task :app:desugarDebugFileDependencies
> Task :app:processDebugJavaRes NO-SOURCE
> Task :app:mergeDebugStartupProfile
> Task :app:mergeDebugJniLibFolders
> Task :app:checkDebugDuplicateClasses FAILED
> Task :app:mergeDebugNativeLibs NO-SOURCE
> Task :app:processDebugResources
> Task :app:mergeDebugJavaResource
gradle/actions: Writing build results to /home/runner/work/_temp/.gradle-actions/build-results/build-1786474438345.json

FAILURE: Build failed with an exception.

* What went wrong:
Execution failed for task ':app:checkDebugDuplicateClasses'.
> A failure occurred while executing com.android.build.gradle.internal.tasks.CheckDuplicatesRunnable
   > Duplicate class kotlin.collections.jdk8.CollectionsJDK8Kt found in modules kotlin-stdlib-1.8.22.jar -> kotlin-stdlib-1.8.22 (org.jetbrains.kotlin:kotlin-stdlib:1.8.22) and kotlin-stdlib-jdk8-1.6.0.jar -> kotlin-stdlib-jdk8-1.6.0 (org.jetbrains.kotlin:kotlin-stdlib-jdk8:1.6.0)
     Duplicate class kotlin.internal.jdk7.JDK7PlatformImplementations found in modules kotlin-stdlib-1.8.22.jar -> kotlin-stdlib-1.8.22 (org.jetbrains.kotlin:kotlin-stdlib:1.8.22) and kotlin-stdlib-jdk7-1.6.0.jar -> kotlin-stdlib-jdk7-1.6.0 (org.jetbrains.kotlin:kotlin-stdlib-jdk7:1.6.0)
     Duplicate class kotlin.internal.jdk8.JDK8PlatformImplementations found in modules kotlin-stdlib-1.8.22.jar -> kotlin-stdlib-1.8.22 (org.jetbrains.kotlin:kotlin-stdlib:1.8.22) and kotlin-stdlib-jdk8-1.6.0.jar -> kotlin-stdlib-jdk8-1.6.0 (org.jetbrains.kotlin:kotlin-stdlib-jdk8:1.6.0)
     Duplicate class kotlin.io.path.ExperimentalPathApi found in modules kotlin-stdlib-1.8.22.jar -> kotlin-stdlib-1.8.22 (org.jetbrains.kotlin:kotlin-stdlib:1.8.22) and kotlin-stdlib-jdk7-1.6.0.jar -> kotlin-stdlib-jdk7-1.6.0 (org.jetbrains.kotlin:kotlin-stdlib-jdk7:1.6.0)
     Duplicate class kotlin.io.path.PathRelativizer found in modules kotlin-stdlib-1.8.22.jar -> kotlin-stdlib-1.8.22 (org.jetbrains.kotlin:kotlin-stdlib:1.8.22) and kotlin-stdlib-jdk7-1.6.0.jar -> kotlin-stdlib-jdk7-1.6.0 (org.jetbrains.kotlin:kotlin-stdlib-jdk7:1.6.0)
     Duplicate class kotlin.io.path.PathsKt found in modules kotlin-stdlib-1.8.22.jar -> kotlin-stdlib-1.8.22 (org.jetbrains.kotlin:kotlin-stdlib:1.8.22) and kotlin-stdlib-jdk7-1.6.0.jar -> kotlin-stdlib-jdk7-1.6.0 (org.jetbrains.kotlin:kotlin-stdlib-jdk7:1.6.0)
     Duplicate class kotlin.io.path.PathsKt__PathReadWriteKt found in modules kotlin-stdlib-1.8.22.jar -> kotlin-stdlib-1.8.22 (org.jetbrains.kotlin:kotlin-stdlib:1.8.22) and kotlin-stdlib-jdk7-1.6.0.jar -> kotlin-stdlib-jdk7-1.6.0 (org.jetbrains.kotlin:kotlin-stdlib-jdk7:1.6.0)
     Duplicate class kotlin.io.path.PathsKt__PathUtilsKt found in modules kotlin-stdlib-1.8.22.jar -> kotlin-stdlib-1.8.22 (org.jetbrains.kotlin:kotlin-stdlib:1.8.22) and kotlin-stdlib-jdk7-1.6.0.jar -> kotlin-stdlib-jdk7-1.6.0 (org.jetbrains.kotlin:kotlin-stdlib-jdk7:1.6.0)
     Duplicate class kotlin.jdk7.AutoCloseableKt found in modules kotlin-stdlib-1.8.22.jar -> kotlin-stdlib-1.8.22 (org.jetbrains.kotlin:kotlin-stdlib:1.8.22) and kotlin-stdlib-jdk7-1.6.0.jar -> kotlin-stdlib-jdk7-1.6.0 (org.jetbrains.kotlin:kotlin-stdlib-jdk7:1.6.0)
     Duplicate class kotlin.jvm.jdk8.JvmRepeatableKt found in modules kotlin-stdlib-1.8.22.jar -> kotlin-stdlib-1.8.22 (org.jetbrains.kotlin:kotlin-stdlib:1.8.22) and kotlin-stdlib-jdk8-1.6.0.jar -> kotlin-stdlib-jdk8-1.6.0 (org.jetbrains.kotlin:kotlin-stdlib-jdk8:1.6.0)
     Duplicate class kotlin.random.jdk8.PlatformThreadLocalRandom found in modules kotlin-stdlib-1.8.22.jar -> kotlin-stdlib-1.8.22 (org.jetbrains.kotlin:kotlin-stdlib:1.8.22) and kotlin-stdlib-jdk8-1.6.0.jar -> kotlin-stdlib-jdk8-1.6.0 (org.jetbrains.kotlin:kotlin-stdlib-jdk8:1.6.0)
     Duplicate class kotlin.streams.jdk8.StreamsKt found in modules kotlin-stdlib-1.8.22.jar -> kotlin-stdlib-1.8.22 (org.jetbrains.kotlin:kotlin-stdlib:1.8.22) and kotlin-stdlib-jdk8-1.6.0.jar -> kotlin-stdlib-jdk8-1.6.0 (org.jetbrains.kotlin:kotlin-stdlib-jdk8:1.6.0)
     Duplicate class kotlin.streams.jdk8.StreamsKt$asSequence$$inlined$Sequence$1 found in modules kotlin-stdlib-1.8.22.jar -> kotlin-stdlib-1.8.22 (org.jetbrains.kotlin:kotlin-stdlib:1.8.22) and kotlin-stdlib-jdk8-1.6.0.jar -> kotlin-stdlib-jdk8-1.6.0 (org.jetbrains.kotlin:kotlin-stdlib-jdk8:1.6.0)
     Duplicate class kotlin.streams.jdk8.StreamsKt$asSequence$$inlined$Sequence$2 found in modules kotlin-stdlib-1.8.22.jar -> kotlin-stdlib-1.8.22 (org.jetbrains.kotlin:kotlin-stdlib:1.8.22) and kotlin-stdlib-jdk8-1.6.0.jar -> kotlin-stdlib-jdk8-1.6.0 (org.jetbrains.kotlin:kotlin-stdlib-jdk8:1.6.0)
     Duplicate class kotlin.streams.jdk8.StreamsKt$asSequence$$inlined$Sequence$3 found in modules kotlin-stdlib-1.8.22.jar -> kotlin-stdlib-1.8.22 (org.jetbrains.kotlin:kotlin-stdlib:1.8.22) and kotlin-stdlib-jdk8-1.6.0.jar -> kotlin-stdlib-jdk8-1.6.0 (org.jetbrains.kotlin:kotlin-stdlib-jdk8:1.6.0)
     Duplicate class kotlin.streams.jdk8.StreamsKt$asSequence$$inlined$Sequence$4 found in modules kotlin-stdlib-1.8.22.jar -> kotlin-stdlib-1.8.22 (org.jetbrains.kotlin:kotlin-stdlib:1.8.22) and kotlin-stdlib-jdk8-1.6.0.jar -> kotlin-stdlib-jdk8-1.6.0 (org.jetbrains.kotlin:kotlin-stdlib-jdk8:1.6.0)
     Duplicate class kotlin.text.jdk8.RegexExtensionsJDK8Kt found in modules kotlin-stdlib-1.8.22.jar -> kotlin-stdlib-1.8.22 (org.jetbrains.kotlin:kotlin-stdlib:1.8.22) and kotlin-stdlib-jdk8-1.6.0.jar -> kotlin-stdlib-jdk8-1.6.0 (org.jetbrains.kotlin:kotlin-stdlib-jdk8:1.6.0)
     Duplicate class kotlin.time.jdk8.DurationConversionsJDK8Kt found in modules kotlin-stdlib-1.8.22.jar -> kotlin-stdlib-1.8.22 (org.jetbrains.kotlin:kotlin-stdlib:1.8.22) and kotlin-stdlib-jdk8-1.6.0.jar -> kotlin-stdlib-jdk8-1.6.0 (org.jetbrains.kotlin:kotlin-stdlib-jdk8:1.6.0)
     
     Go to the documentation to learn how to <a href="d.android.com/r/tools/classpath-sync-errors">Fix dependency resolution errors</a>.

* Try:
> Run with --stacktrace option to get the stack trace.
> Run with --info or --debug option to get more log output.
> Run with --scan to get full insights.
> Get more help at https://help.gradle.org.

BUILD FAILED in 15s
22 actionable tasks: 22 executed
